(node:6761) [DEP0205] DeprecationWarning: `module.register()` is deprecated. Use `module.registerHooks()` instead.
(Use `node --trace-deprecation ...` to show where the warning was created)

Running 2 tests using 1 worker

(node:6763) [DEP0205] DeprecationWarning: `module.register()` is deprecated. Use `module.registerHooks()` instead.
(Use `node --trace-deprecation ...` to show where the warning was created)
  ✓  1 [nsef-setup] › tests/auth.nsef.setup.js:9:6 › NSEF login and save session (7.8s)
(node:6818) [DEP0205] DeprecationWarning: `module.register()` is deprecated. Use `module.registerHooks()` instead.
(Use `node --trace-deprecation ...` to show where the warning was created)
✓ BRF auto-populated: "Dont Touch"
[CXO] Approving stage 1...
[CXO] Approve button not visible for 4s — reloading (1/5)...
[CXO] Approve button not visible for 4s — reloading (2/5)...
[CXO] Approve button not visible for 4s — reloading (3/5)...
[CXO] Approve button not visible for 4s — reloading (4/5)...
[CXO] Approve button not visible for 4s — reloading (5/5)...
[CXO] Approve button missing — reassigning approver to NSEF Support Admin...
[CXO] Workflow approver reassigned to NSEF Support Admin
[CXO] Approving stage 2...
[CXO] Approving stage 3...
[CXO] Approving stage 4...
[CXO] Status Released after 4 approval(s).
[CXO] Saving CXO code: CXO-FNSE-26-368  |  URL: https://nse-capp-v4-uat.aerchain.io/cxos/5740/overview
[CXO] Saved to NSEFoundationData.json → savedCxo.code = "CXO-FNSE-26-368"
[NONPO] V3 home → https://nse-capp-uat.aerchain.io/home?user=476817af-4349-4254-8476-553c0c9726e4
[NONPO] modules panel opened (attempt 1)
[NONPO] invoice listing → https://nse-capp-uat.aerchain.io/invoices (match 1/3)
[NONPO] on /invoices/new (upload dropzone shown)
[NONPO] attached /Users/qa-hirak/Desktop/NSE E2E Automation/fixtures/invoice_document.png (attempt 1)
[NONPO] form rendered (Templates picker present)
[NONPO] template → "CXO Template (Dev)"
[NONPO] section "General Details" already expanded
[NONPO] expanded section "Additional Details"
[NONPO] section "Invoice Details" already expanded
[NONPO] section "Line Items" already expanded
[NONPO] Select CXO Transaction → "CXO-FNSE-26-368"
[NONPO] Department → "Premises"
[NONPO] Function → "Legal"
[NONPO] Expense Nature (for approval triggers) → "Non-CSR Process"
[NONPO] Project Name → "NA"
[NONPO] Vertical → "Legal"
[NONPO] Nature of Expense (budget level) → "Opex"
[NONPO] GL Account → "NA"
[NONPO] Profit Center → "NA"
[NONPO] Cost Center → "NA"
[NONPO] SEBI Categorization → "NA"
[NONPO] Sub Segment → "NA"
[NONPO] Project Category → "NA"
[NONPO] budget combination set
[NONPO] BRF → "Dont Touch/HG Auomation PURPOSE" (of 1 options)
[NONPO] Supplier → "HG Automation SUPP (FNSE-26-2993)"
[NONPO] Subject → "HG Automation Non-PO Invoice"
[INV] Invoice number bumped: INV-AUTO-102 → INV-AUTO-103
[NONPO] Invoice Number → "INV-AUTO-103"
[NONPO] Delivery Address → "Test"
[NONPO] Currency → "INR"
[NONPO] Payment Spoc → "Srinitesh"
[NONPO] Payment Terms → "Payable quarterly within 60 days of date of receipt of tax invoice"
[NONPO] auto-filled Company = "National Stock Exchange Foundation"
[NONPO] auto-filled Billing Address = "Test"
[NONPO] invoice details filled
[NONPO] Product → "Manpower (T&M) / 484" (searched "Manpower", 10 options)
[NONPO] UOM → "EA" (from option list)
[NONPO] line item row → {"product":"Manpower (T&M)","uom":"EA","quantity":"100","price":"2000","amount":"2,00,000"}
[INV] Clicked Submit (create page)
[INV] Proceeded Validations popup
[INV] Confirmed Workflow Summary popup
[INV] Invoice submitted → https://nse-capp-uat.aerchain.io/invoices/1118
[INV] Saved to NSEFoundationData.json → savedInvoice.code = "Invoice-FNSE-26-340"
[INV] Opening saved invoice Invoice-FNSE-26-340 → https://nse-capp-uat.aerchain.io/invoices/1118
[INV] On invoice page: https://nse-capp-uat.aerchain.io/invoices/1118
[NONPO-INV] Reject not visible — reloading (1)
[NONPO-INV] Reject not visible — reloading (2)
[NONPO-INV] Reject missing — reassigning approver to NSEF Support Admin...
[NONPO-INV] Workflow approver reassigned to NSEF Support Admin
[NONPO-INV] Reject submitted
[NONPO-INV] Status is Rejected
[NONPO] CXO overview → https://nse-capp-v4-uat.aerchain.io/cxos/5740/overview
[NONPO] opened CXO Transactions tab (match 1/1)
[NONPO] CXO Transactions tab lists Invoice-FNSE-26-340
[NONPO] loaded /invoices/new directly
[NONPO] attached /Users/qa-hirak/Desktop/NSE E2E Automation/fixtures/invoice_document.png (attempt 1)
[NONPO] form rendered (Templates picker present)
[NONPO] template → "CXO Template (Dev)"
[NONPO] section "General Details" already expanded
[NONPO] expanded section "Additional Details"
[NONPO] section "Invoice Details" already expanded
[NONPO] section "Line Items" already expanded
[NONPO] Select CXO Transaction → "CXO-FNSE-26-368"
[NONPO] Department → "Premises"
[NONPO] Function → "Legal"
[NONPO] Expense Nature (for approval triggers) → "Non-CSR Process"
[NONPO] Project Name → "NA"
[NONPO] Vertical → "Legal"
[NONPO] Nature of Expense (budget level) → "Opex"
[NONPO] GL Account → "NA"
[NONPO] Profit Center → "NA"
[NONPO] Cost Center → "NA"
[NONPO] SEBI Categorization → "NA"
[NONPO] Sub Segment → "NA"
[NONPO] Project Category → "NA"
[NONPO] budget combination set
[NONPO] BRF → "Dont Touch/HG Auomation PURPOSE" (of 1 options)
[NONPO] Supplier → "HG Automation SUPP (FNSE-26-2993)"
[NONPO] Subject → "HG Automation Non-PO Invoice"
[INV] Invoice number bumped: INV-AUTO-103 → INV-AUTO-104
[NONPO] Invoice Number → "INV-AUTO-104"
[NONPO] Delivery Address → "Test"
[NONPO] Currency → "INR"
[NONPO] Payment Spoc → "Srinitesh"
[NONPO] Payment Terms → "Payable quarterly within 60 days of date of receipt of tax invoice"
[NONPO] auto-filled Company = "National Stock Exchange Foundation"
[NONPO] auto-filled Billing Address = "Test"
[NONPO] invoice details filled
[NONPO] Product → "Manpower (T&M) / 484" (searched "Manpower", 10 options)
[NONPO] UOM → "EA" (from option list)
[NONPO] line item row → {"product":"Manpower (T&M)","uom":"EA","quantity":"1","price":"2000","amount":"2,000"}
[NONPO] clicked Submit (expecting rejection)
[NONPO] dialog (step 1) → "Validations Invoice has passed duplicate validation Make Changes Proceed"
[NONPO] clicked Proceed (step 1)
[NONPO] dialog (step 2) → "Workflow Summary Show Skipped Conditions Analysed Vertical Legal Expense Nature (for approval triggers) Non-CSR Process Grand Total 2000 Budget Amount is exceeded. Please Contact Budget User. 2 Vertical Checker r The app"
[NONPO] after Submit → https://nse-capp-uat.aerchain.io/invoices/new
[NONPO] on-screen messages → ["Nature of Expense (budget level)","Budget Amount is exceeded. Please Contact Budget User."]
[NONPO] budget ceiling enforced → "Workflow Summary Show Skipped Conditions Analysed Vertical Legal Expense Nature (for approval triggers) Non-CSR Process Grand Total 2000 Budget Amount is exceeded. Please Contact Budget User. 2 Vertical Checker r The approver(s) will be selected automatically upon submission. 3 CommercialAuthorizer Add All Approvers Clear List ​ NS NSEF Support Admin PP Prianshu Prasad 4 Chief FinanceOfficer Add All Approvers Clear List ​ NS NSEF Support Admin 5 Managing Director Add All Approvers Clear List ​ NS NSEF Support Admin NS NSEIL Support User MS Manthan Shah A Aash Go back Discard Submit"
[INV] Opening saved invoice Invoice-FNSE-26-340 → https://nse-capp-uat.aerchain.io/invoices/1118
[INV] On invoice page: https://nse-capp-uat.aerchain.io/invoices/1118
[NONPO] invoice cancelled (header button)
  ✘  2 [nsef-tests] › tests/testSuiteCxoInvoice.spec.js:241:9 › Non-PO (CXO) Invoice › Rejection keeps budget consumed; cancellation releases it @NonPO @Budget @Reject @Cancel (5.9m)


  1) [nsef-tests] › tests/testSuiteCxoInvoice.spec.js:241:9 › Non-PO (CXO) Invoice › Rejection keeps budget consumed; cancellation releases it @NonPO @Budget @Reject @Cancel 

    Error: [NONPO-INV] expected status "Cancelled" but the page shows ["Rejected"]

       at ../pages/NSEFoundationActions.js:4474

      4472 |             await this.page.waitForTimeout(2500);
      4473 |         }
    > 4474 |         throw new Error(`[${tag}] expected status "${status}" but the page shows ` +
           |               ^
      4475 |             JSON.stringify(await this._readDocStatusChips()));
      4476 |     }
      4477 |
        at NSEFoundationActions.assertCappDocStatus (/Users/qa-hirak/Desktop/NSE E2E Automation/pages/NSEFoundationActions.js:4474:15)
        at /Users/qa-hirak/Desktop/NSE E2E Automation/tests/testSuiteCxoInvoice.spec.js:287:9

    [31mTest timeout of 30000ms exceeded.[39m

    attachment #1: screenshot (image/png) ──────────────────────────────────────────────────────────
    test-results/testSuiteCxoInvoice-Non-PO-544a0--NonPO-Budget-Reject-Cancel-nsef-tests/test-failed-1.png
    ────────────────────────────────────────────────────────────────────────────────────────────────

    attachment #2: video (video/webm) ──────────────────────────────────────────────────────────────
    test-results/testSuiteCxoInvoice-Non-PO-544a0--NonPO-Budget-Reject-Cancel-nsef-tests/video.webm
    ────────────────────────────────────────────────────────────────────────────────────────────────

    Error Context: test-results/testSuiteCxoInvoice-Non-PO-544a0--NonPO-Budget-Reject-Cancel-nsef-tests/error-context.md

  Slow test file: [nsef-tests] › tests/testSuiteCxoInvoice.spec.js (5.9m)
  Consider running tests from slow files in parallel. See: https://playwright.dev/docs/test-parallel
  1 failed
    [nsef-tests] › tests/testSuiteCxoInvoice.spec.js:241:9 › Non-PO (CXO) Invoice › Rejection keeps budget consumed; cancellation releases it @NonPO @Budget @Reject @Cancel 
  1 passed (6.6m)
